// Jest Snapshot v1, https://goo.gl/fbAQLP

exports[`Should render expenseListItem correctly 1`] = `
<Link
  className="list-item"
  to="/edit/1"
>
  <div>
    <h3
      className="list-item__title"
    >
      Gum
    </h3>
    <span
      className="list-item__sub-title"
    >
      Thursday,  1st of January, 1970
    </span>
  </div>
  <h3
    className="list-item__data"
  >
    â‚¬1.99
     
  </h3>
</Link>
`;
