// Jest Snapshot v1, https://goo.gl/fbAQLP

exports[`Should render the LoginPage correctly 1`] = `
<div
  className="box-layout"
>
  <div
    className="box-layout__box"
  >
    <h2
      className="box-layout__title"
    >
      iExpense
    </h2>
    <p>
      Take absolute control of your expenses.
    </p>
    <button
      className="button"
    >
      Login with Google
    </button>
  </div>
</div>
`;
